// Jest Snapshot v1, https://goo.gl/fbAQLP

exports[`markdown-it-plantuml renders graphs 1`] = `"<p><img src=\\"data:image/svg+xml,%3c%3fxml version='1.0' encoding='UTF-8' standalone='no'%3f%3e%3csvg xmlns='http://www.w3.org/2000/svg' xmlns:xlink='http://www.w3.org/1999/xlink' contentScriptType='application/ecmascript' contentStyleType='text/css' height='161px' preserveAspectRatio='none' style='width:109px%3bheight:161px%3b' version='1.1' viewBox='0 0 109 161' width='109px' zoomAndPan='magnify'%3e%3cdefs%3e%3cfilter height='300%25' id='f1tcy321nc19n5' width='300%25' x='-1' y='-1'%3e%3cfeGaussianBlur result='blurOut' stdDeviation='2.0'/%3e%3cfeColorMatrix in='blurOut' result='blurOut2' type='matrix' values='0 0 0 0 0 0 0 0 0 0 0 0 0 0 0 0 0 0 .4 0'/%3e%3cfeOffset dx='4.0' dy='4.0' in='blurOut2' result='blurOut3'/%3e%3cfeBlend in='SourceGraphic' in2='blurOut3' mode='normal'/%3e%3c/filter%3e%3c/defs%3e%3cg%3e%3cline style='stroke: %23A80036%3b stroke-width: 1.0%3b stroke-dasharray: 5.0%2c5.0%3b' x1='21' x2='21' y1='39.6094' y2='120.3125'/%3e%3cline style='stroke: %23A80036%3b stroke-width: 1.0%3b stroke-dasharray: 5.0%2c5.0%3b' x1='88' x2='88' y1='39.6094' y2='120.3125'/%3e%3crect fill='%23FEFECE' filter='url(%23f1tcy321nc19n5)' height='31.6094' style='stroke: %23A80036%3b stroke-width: 1.5%3b' width='23' x='8' y='3'/%3e%3ctext fill='black' font-family='sans-serif' font-size='14' lengthAdjust='spacingAndGlyphs' textLength='9' x='15' y='24.5332'%3eA%3c/text%3e%3crect fill='%23FEFECE' filter='url(%23f1tcy321nc19n5)' height='31.6094' style='stroke: %23A80036%3b stroke-width: 1.5%3b' width='23' x='8' y='119.3125'/%3e%3ctext fill='black' font-family='sans-serif' font-size='14' lengthAdjust='spacingAndGlyphs' textLength='9' x='15' y='140.8457'%3eA%3c/text%3e%3crect fill='%23FEFECE' filter='url(%23f1tcy321nc19n5)' height='31.6094' style='stroke: %23A80036%3b stroke-width: 1.5%3b' width='23' x='75' y='3'/%3e%3ctext fill='black' font-family='sans-serif' font-size='14' lengthAdjust='spacingAndGlyphs' textLength='9' x='82' y='24.5332'%3eB%3c/text%3e%3crect fill='%23FEFECE' filter='url(%23f1tcy321nc19n5)' height='31.6094' style='stroke: %23A80036%3b stroke-width: 1.5%3b' width='23' x='75' y='119.3125'/%3e%3ctext fill='black' font-family='sans-serif' font-size='14' lengthAdjust='spacingAndGlyphs' textLength='9' x='82' y='140.8457'%3eB%3c/text%3e%3cpolygon fill='%23A80036' points='76.5%2c67.9609%2c86.5%2c71.9609%2c76.5%2c75.9609%2c80.5%2c71.9609' style='stroke: %23A80036%3b stroke-width: 1.0%3b'/%3e%3cline style='stroke: %23A80036%3b stroke-width: 1.0%3b' x1='21.5' x2='82.5' y1='71.9609' y2='71.9609'/%3e%3ctext fill='black' font-family='sans-serif' font-size='13' lengthAdjust='spacingAndGlyphs' textLength='43' x='28.5' y='67.1045'%3erequest%3c/text%3e%3cpolygon fill='%23A80036' points='32.5%2c98.3125%2c22.5%2c102.3125%2c32.5%2c106.3125%2c28.5%2c102.3125' style='stroke: %23A80036%3b stroke-width: 1.0%3b'/%3e%3cline style='stroke: %23A80036%3b stroke-width: 1.0%3b stroke-dasharray: 2.0%2c2.0%3b' x1='26.5' x2='87.5' y1='102.3125' y2='102.3125'/%3e%3ctext fill='black' font-family='sans-serif' font-size='13' lengthAdjust='spacingAndGlyphs' textLength='21' x='38.5' y='97.4561'%3eack%3c/text%3e%3c/g%3e%3c/svg%3e\\" class=\\"markspec plantuml plantuml-uml\\" alt=\\"uml diagram\\"></p><p><img src=\\"data:image/svg+xml,%3c%3fxml version='1.0' encoding='UTF-8' standalone='no'%3f%3e%3csvg xmlns='http://www.w3.org/2000/svg' xmlns:xlink='http://www.w3.org/1999/xlink' contentScriptType='application/ecmascript' contentStyleType='text/css' height='161px' preserveAspectRatio='none' style='width:109px%3bheight:161px%3b' version='1.1' viewBox='0 0 109 161' width='109px' zoomAndPan='magnify'%3e%3cdefs%3e%3cfilter height='300%25' id='f1tcy321nc19n5' width='300%25' x='-1' y='-1'%3e%3cfeGaussianBlur result='blurOut' stdDeviation='2.0'/%3e%3cfeColorMatrix in='blurOut' result='blurOut2' type='matrix' values='0 0 0 0 0 0 0 0 0 0 0 0 0 0 0 0 0 0 .4 0'/%3e%3cfeOffset dx='4.0' dy='4.0' in='blurOut2' result='blurOut3'/%3e%3cfeBlend in='SourceGraphic' in2='blurOut3' mode='normal'/%3e%3c/filter%3e%3c/defs%3e%3cg%3e%3cline style='stroke: %23A80036%3b stroke-width: 1.0%3b stroke-dasharray: 5.0%2c5.0%3b' x1='21' x2='21' y1='39.6094' y2='120.3125'/%3e%3cline style='stroke: %23A80036%3b stroke-width: 1.0%3b stroke-dasharray: 5.0%2c5.0%3b' x1='88' x2='88' y1='39.6094' y2='120.3125'/%3e%3crect fill='%23FEFECE' filter='url(%23f1tcy321nc19n5)' height='31.6094' style='stroke: %23A80036%3b stroke-width: 1.5%3b' width='23' x='8' y='3'/%3e%3ctext fill='black' font-family='sans-serif' font-size='14' lengthAdjust='spacingAndGlyphs' textLength='9' x='15' y='24.5332'%3eA%3c/text%3e%3crect fill='%23FEFECE' filter='url(%23f1tcy321nc19n5)' height='31.6094' style='stroke: %23A80036%3b stroke-width: 1.5%3b' width='23' x='8' y='119.3125'/%3e%3ctext fill='black' font-family='sans-serif' font-size='14' lengthAdjust='spacingAndGlyphs' textLength='9' x='15' y='140.8457'%3eA%3c/text%3e%3crect fill='%23FEFECE' filter='url(%23f1tcy321nc19n5)' height='31.6094' style='stroke: %23A80036%3b stroke-width: 1.5%3b' width='23' x='75' y='3'/%3e%3ctext fill='black' font-family='sans-serif' font-size='14' lengthAdjust='spacingAndGlyphs' textLength='9' x='82' y='24.5332'%3eB%3c/text%3e%3crect fill='%23FEFECE' filter='url(%23f1tcy321nc19n5)' height='31.6094' style='stroke: %23A80036%3b stroke-width: 1.5%3b' width='23' x='75' y='119.3125'/%3e%3ctext fill='black' font-family='sans-serif' font-size='14' lengthAdjust='spacingAndGlyphs' textLength='9' x='82' y='140.8457'%3eB%3c/text%3e%3cpolygon fill='%23A80036' points='76.5%2c67.9609%2c86.5%2c71.9609%2c76.5%2c75.9609%2c80.5%2c71.9609' style='stroke: %23A80036%3b stroke-width: 1.0%3b'/%3e%3cline style='stroke: %23A80036%3b stroke-width: 1.0%3b' x1='21.5' x2='82.5' y1='71.9609' y2='71.9609'/%3e%3ctext fill='black' font-family='sans-serif' font-size='13' lengthAdjust='spacingAndGlyphs' textLength='43' x='28.5' y='67.1045'%3erequest%3c/text%3e%3cpolygon fill='%23A80036' points='32.5%2c98.3125%2c22.5%2c102.3125%2c32.5%2c106.3125%2c28.5%2c102.3125' style='stroke: %23A80036%3b stroke-width: 1.0%3b'/%3e%3cline style='stroke: %23A80036%3b stroke-width: 1.0%3b stroke-dasharray: 2.0%2c2.0%3b' x1='26.5' x2='87.5' y1='102.3125' y2='102.3125'/%3e%3ctext fill='black' font-family='sans-serif' font-size='13' lengthAdjust='spacingAndGlyphs' textLength='21' x='38.5' y='97.4561'%3eack%3c/text%3e%3c/g%3e%3c/svg%3e\\" class=\\"markspec plantuml plantuml-uml\\" alt=\\"uml diagram\\"></p><p><img src=\\"data:image/png;base64,iVBORw0KGgoAAAANSUhEUgAAAYYAAAC2CAIAAABS772rAAAUR0lEQVR42u2deWxU1fuHibVpG4qlpFZCSK1ELIgNECNWqNgQFCtErAghyh+IWDWVAFFcIlKDRqMiS6MQBQEbkFKkyFY2WWUvClig8GVtC1QLVmQrlUJ/n/TE+xunM8O0nc7W5/ljcufce8/ce945z7znbtOiBgDAb2hBEwAASgIAcKmkmwAAPgIlAQBKAgBASQCAkgAAUBIAoCQAAJQEACgJAAAlAQBKAgBASQCAkmgUAEBJAAAoCQBQEgAASgIAlAQAgJIAACUBAKAkAEBJAAAoCQBQEgAASgIAlISSAAAlAQCgJABASQAAKAkAUBIAAEoCAJT0Ly3gv/gktLSzP0AU/EVJNWC1bIsWFy5cuHTp0tWrV6uqqqqrq73WGWhnf1ASUUBJfhek4uLisrKyP//8U6FSnOgMwdTORMGzUUBJ3ghSYWHh0aNHT58+rTjp14POEEztTBQ8GwWU5I0gbd26dd++fYqTfj3000FnCKZ2JgqejQJK8kaQ8vPzFSf9eiin1UibzhBM7UwUPBsFlOSNIC1YsGD16tW7d+/WT4eyWTpDMLUzUfBsFFASSqKd7Rk+fHhFRQVRQEkECSX5RTurqvj4+A0bNhAFlESQ/F1J5nK4utPbt29PSUkJGiUZ3nnnnUaeuUNJKAkleU9J7pQHtJJEt27dDh06RF9ASQTJj6Lw1VdfxdaiCYdZkt0tBSo5deqUkqaIiIjQ0NAHH3xQOZRZxVm53ypJhIeHZ2Vl0RdQEkHyiyhkZ2fXvY/plkqSbmxLEhISzCrOyv1ZSYa+ffuWlJTQF1ASQfJxFLp3766qRo8erWm9OjuW5Gzgdvz4cZWHhYW5We63ShKRkZG5ubn0BZQU8EHyFR7Z/pCQEFV19uxZTStNcF9JGpSNGzfOGM12lrNy/29nKWn69On0BZREluTLKCiRUVV///13vZRkjjqNHz++qKjIdpazcv/PkpKSkhpwnBsloSSU5OEoqCuqqhEjRmj6tddec62kysrKK1eu6G2rVq309tSpU2vWrLFdzFm5Pyvp9ttvz8zMbNjVACgJJaEkD0dh8eLFtzy8LeLi4szboUOH6m18fLy1cMuWLa08y1m53yqpU6dOGmnSF1ASQfKjKMyaNSsqKqpt27bTpk1zpqQlS5ZogdDQ0J49e5oDRl26dNHb1NRU7bUWe+ONN1yU+6eSXn311UbeWYKSUBJKojN4QEkxMTHLli0jCiiJIKEk37fzgAEDysvLiQJKIkgoKfDamSigJLoKUUBJKMk/wuDZawK9c/M6SkJJDfue151GSUGuJO8EGyWhJP/8ZqIkz7vJrnDevHkdO3YMDQ1NTExcvny5KTx48GBISIg5M11Te9un3qqwKe69QEkoqcFRuOXjFmpcPkdBa8XExMTHx+/cubPu6ipUzaYXOKvELDlt2rSoqCjVU1RUNHr0aC0TFxe3detWlFRvJa1cudLOMlZbjxs3Tm9XrVr1/fffa2LixIk1jm5eDz4lNTcCV0nuPG6hxvlzFHJycqzC9u3b113dkJaW5qISu0/X77rtNEqqt5J69+5tvKPpTZs2aXrw4MFmVmVlpayvZpXvu3TpcuPGjeYwcBMXLlwoLi4uLCzUr1x+fv6CYCdw/6HEzcctWNg9R8Hc9DN27FhNjxo1qu7qZpbyIxeVmCU11DDlYu7cuUeOHNGEciWUVG8lmbtDbWnVqpU1V+M4U7hnz55mcixJXLp0qaysTB+6b98+9dXVwU7g/o+bm49bqHHyHAUpQ9OnT5823qm7uuq0O7FTtxIzbX6w606jpHoryUTFFoXZmvvFF1+YwhkzZjQfJV29elUfp2+qPle5w+5gJ3D/7dbNxy04e46C+fKbJMihkuwOWjmspL5PwkJJt1CSGSGvXLmy7sLnz5+Pjo5u27at8iZN6K1tJdbN6xxLCnQa+W/0PlSSm49bcPYcha5du5rRmfKakSNHuhaKs0pQkoeVZHuEz9CvXz8zKz09XW+zs7OnTJmiCYXclNvdvM4Zt0A/4xa4SnLzcQvOnqPw9ddfW+WdO3d2LRRnlaAkz18EMHv2bMVD47WoqKiMjIyKigoV7t271zx/y/Y4ogpr6ty8jpJQkg+j4M7jFlw8R0Grx8TE6PtvDkhbRy0cPu3TYSUoietlUJKH2zlwjyU1EnN0fP/+/daZHOmJSyVREkrycTsH7hm3RjJw4EC7Qd+oUaNQEkpCST5u58C9LqmRlJeXDx8+vFWrVmFhYcqP5CMZGSWhJJTUHNuZKASDkmwvHYqIiOjTp8/BgwcDrvXdfJBAACnJCxdqufMRDdsMlISSPKAki+joaHPtaWC1vjtfOJTknc1ASSipsUoy0yUlJf369bM7IJebm2vOUyYkJCxZssR23dmzZ7dr105j5hEjRly/ft3hl7juKcxb3t/s8CkC1uraHm2JuXPanNdw/67dAFJSWC3ut1uDb0x3HU3bzUBJKMnbShLmSooOHTqYt6tWrbLr8Bs2bLBUZVv+wQcfuKkk1/c3u3iKQN2ETn0vWJXUvn372NhY99utwTemu46m7WagJJTkAyWZEuuHUT+8epuenq6fTXPhde/evc0sc929shhze45lsVsqyfX9zS6eImBW6d+/vzZG+VrdO6eDaeDWvxb3282ivjemu46m7WagJJTkMyVZX3RzC2JVVZWm9appDQ3MLHN74S0rrO/9zS6eImDeWse5GnBVawApaWgt7rdbTUNvTHcdTdvNQEkoyQdKMle1x8XF1VWS+ULbKcl64JHDCo3F6nUzoYunCNxSdsGkpJG1uN9ujbwx3Vk0bTcDJaEkbyupoqJCoyTbw9tmGKUhm76sZuBmnWs3qf7SpUsLCws1ERUVZfvl1shLq2RkZNRXSS6eInBLJd3yQQIBel2SO+3WyBvTnUXTV50BJXERgOOLAMwhG1u2bNni8ICoZbHk5GR3bqR2Nu3iKQIulOTmgwQC9CIAd6YbeWO6s2hyEQBK8qWSNChLS0uzu1RSX9bExETlPvpC2yUvM2bMiI2NNaeNrfREAwfznP8OHTpYjzF2v2vVOHmKgGslufkggSBWUuNvTHcYTZSEkmq4ocSfgxRwUfDJjekoCSURBpTkGJ/cmI6SUBJhQEmO8cmN6SgJJREGlEQ7EwWURFchCigJJREGlEQ7EwWURJCIAkpCSYQBJdHORAElESQ6A0oiCigJJdHORAElESQ6A0oiCigJJdHOKAkloSSUhJKIAkpCSXQGlISSUBJKQklEASXRVYgCSkJJhAEl0c5EASXRVYgCSkJJhAEl0c5EASU1DdXV1Xv27MnKynrrrbfS0tKSkpI6dux41113RUdH33bbbbbPQoyJibnzzjsTEhIeeuih1NTUl1566aOPPpo/f/7hw4dREkoiCiip4dy4cWPHjh3vvfde9+7dIyMjIyIi7r///l69eg0aNOjll18eN27cxx9/PGXKlDlz5sybN0/S+b4WaWvatGkTJ06UvNLT04cMGfLYY48lJiZKVaGhoR06dEhJSRk1atTs2bNdSAoloSSigJL+nxMnTowZM+aee+6Rhjp16jRs2DBlOjNnzpw7d67sk5OTs2jRory8vB9//HHZsmUrVqzIz89fVcvqfzFvVa65y5cvX7p0qRaWsCZNmjR69OgBAwZIc23atGndurUcl5GRsWTJksrKSpSEkogCSvoPW7dufeKJJ4yJnn/++alTpyqdyc7OVpMtXrxYZpFl1qxZs379+o0bN27ZskXLb9u2TcnUzp07d9WiZjUTKlH59u3btczPP/+8efNmraIV161bp9ZfuXKlVDVr1qyxY8c+88wzGuiFh4fHx8frQ2U9lISSiILvldSjR493331306ZN169f9367FBYWPv744xpbJSUlTZgwQbJQTqS85ocffpA7pKENGzbILLJMQUHBr7/+un//fq1y8ODBoqKiI0eO/K+Wo/9i3qpccw8dOnTgwAEtrFX27t27Z88eNb3qkarkKVW7du1apVRKvj799NMXXnhBw0Pzh65SmD7o+PHj3lRSc8M/lUQUfK+kixcvamiTnp6uTCEkJCQxMVHDpenTp6tLN6mJfv/9dw3KZEPJSK8ffvihZPTdd9+pjTSYUk4kZcgdaqx9+/bJLLLMsWPHTp06VVJScubMmbKyMtVQXl5+7ty587WoQc2ESlT+xx9/aJmzZ8+ePn1aq2hFjQrV7ocPH5aqfvvtNyMppVTKtmQopVHSn3Io+UgfqmVKS0svXLjgtf6gzyouLpZAtdfa/QXBjvZRe6r91V57s52Jggej0CRKMlZS11Vf1cZNmjRJ+cLDDz/cpk2b6OjoXr16vfLKK19++aU6rfm/5kYiuXz++ecpKSmRkZHt2rUbPHiw3n777bcaoy1cuFBylLOVr8kUUoa8IA2psbR5skxFRYW24fLly1evXr127do///xTXV19oxZrX8xblWtuVVVVZWWlFtYq2se//vpL2lI9UpU8pWqVBymlMoZSWiQTabinCZWcPHlSUrt06ZLXOoM+SxsmaUrBCsTqYEf7qD3V/mqvvdnORMGDUWgqJV25ckWZhbqoRkO7du0y+cKKFStmzpypAd2zzz77yCOPxMXFhYeHt27dumvXrkOGDHn99dc/+eQTJTVKK2QZ9XA79Wj3VL5s2bKsrKy33357+PDhPXv2vOOOO8LCwu67777U1NTMzEyTFlljNA2jtmzZog2QIJQTaXvUTJKIbCKzGAE1ZjeNqjQ4lc60y0ZS2nFlW9p+pVHSn7ysV2VVKtRc6cxrnUGfpZ3Vluj7oV+t3cGO9lF7qv3VXnuznYmCB6PQVEpSF1X2ofRBFlCftPIFCcI64CJDKYVROvP++++/+OKLTz/99KOPPtqtW7eOHTvGxMRERUXVHaZKQHfffbdGgsnJyU899ZTWmjhx4jfffKOEaP78+cqJFi9eLGepcklQti4oKDANpBGTTKFNMiayTYI8i2q2DKWPU1SUGemjNWHSMeVZXusM+ix5XB8tESsQR4Md6ydHe+3NdiYKHoxCUylJ3VKdX1mDiYTJF4qKipTmKKmzDrjIUBs3bvzpp5+UQxlJSSjyVF5entKcRYsW5ebmSjQ5OTnWSDWnFhVqrpbRkkuXLlVCpBGsTKfaZCKlRWaMpmHUmTNnzp8/ry2RJrRV3vwumhyqyobG52X1wny6fqn05dCo/s9gR/uoPdX+aq+92c5EwYNRaColOcsXJAjrgIsMpRRGhlIOpXRGklIaZZ1iVzIlVa1bt06iWfNfVKJyzdUymzZtktdkN60u06k2DRVVuSQoFVZUVKh1vC8jAGgYTagkh/mC+a2wDrjIUCUlJSdPnlQOZSQloVin2KWqX375RaKRsKyRakEtKtRcLaMllXkpITpy5IhMp9pkIqVFkqA+y8tZCUBzRl1Y+UFgKMlhAmUZSvpQOiNJKY2yTrErmZKqTpw4IdEc+y8qUbnmapnS0lJ5TXbT6jKdH+btAM2EzMzMMWPGBKSSnElKSY0GWdYpdqlK41KJRsKyRqoVtahQc7WMlqysrJSDtDoaAvAhDzzwQExMTCPPdfqLkgAgoNm+fbs5LZ6fn4+SAMDHvPnmm0ZJzz33HEoCAB+jIZtRUmRk5MWLF1ESAPiMtWvX2l7SnJ2djZJ8SWZmJo0AzZlhw4bZKqlv374oyZcoBjQCNFs0TGvdurXdvV/l5eUoCSUB+IDc3Ny6t6N+9tlnKAklAfiAJ598sq6SkpKSUBJKAvA2GqCFh4c7fLzkoUOHUJJv4PA2NFsmT57s7Im3DesXKAkAGk5ycrIzJd17770oCQACG5QEACgJmgEme6/XKtu2bUtJSfHUBsyZMyc2NjYkJKR3797+tqeAkpoQDm97qqN6tm+HhoaqNvMkP5SEkppX36MR6tVRFy5c2KVLFykjISEhLy/PdnkLlRw4cCA5OVmLRUREKHsqLi5uTG0WWtg6RZ2VlWVd13f48GFNJyYmuqjWqnnHjh1KwXr27Gm7p+fOnTN/ZnHs2DF+nlESSgoMJeXn59v5Yv369Q4lYtxh0aNHj8bUZjFhwgSVTJ06VdODBw/WtF4tPY0fP95FtXY1p6WlWSVKxyRQjROtJekLKAklBYCSlO+oPD09XeMpvWraOtZjt4q6t946S47qW5vFrl27VN6/f39Nt2/fPiwsTPmOpgcOHGjSH3eqHTt2rKZPnjxplZjVZ86cSV9ASSgpkJQkBaj82rVrN2v/70/TGpc5XGXEiBF6KzFpfKQRgcM/mHe/Nlvatm2rEVlZWZlJkfRaWlqqknbt2rlZra0obfOmbdu20RdQUsCPn5utkpRluJCIMhS1rdIZmULlffr0aUxttpjExyhPaZFeR44cqdeMjIwGVGuNK22TKZSEkiAwlKROa8ZE1dXVRg3WiX/roMzly5dtVzl37pzKlcU0oDaH22YOFUVFRZkhm5Rn/l159erVDajWlGgjU1NTm3mixOFt8Hcl1T3MnJeXZ1e4efNms0pcXJwpGTp0qN4mJSXZLmZOb9nhojYXSpJoWrZsaR3Y1sdpWiXWn9zUq1qrpKCgwFZegJIgAJR0s/b8emJiorKezp07r1ixwtYv5iiPsc+ZM2cGDRqkEZNK+vXrV1pa6vCDnNXm+nIho6HJkyff/Pdcm/FgA6q1LdHokiNKKAkAUBJ4bvwMACjJkyMUGgHgJoe3URJAkPUFlISSAFASYQCgL6Akvx0/A6AklAQAfvfzjJIAwI9ASZ78fXDxjzHMZW7zmYuSAIAsCQAAJQEASgIAQEkAgJJoFABASQAAKAkAUBIAAEoCAJQEAICSAAAlAQCgJABASQAAKAkAUBIAAEoCAJSEkgAAJQEAoCQAQEkAACgJAFASAABKAgCUBACAkgAAJQEAoCQAQEkAACgJAFASAIAfgJIAACUBADji/wDYgElZ01qiigAAAABJRU5ErkJggg==\\" class=\\"markspec plantuml plantuml-ditaa\\" alt=\\"ditaa diagram\\"></p>"`;
