// Jest Snapshot v1, https://goo.gl/fbAQLP

exports[`markdown-it-plantuml renders graphs 1`] = `
"<section class=\\"markdown-section markdown-section-h1\\">
<h1>Title</h1>
<p>A First Section</p>
<section class=\\"markdown-section markdown-section-h2\\">
<h2>Subtitle</h2>
<p>A Secondary Section</p>
</section>
</section>
<section class=\\"markdown-section markdown-section-h1\\">
<h1>Title 2</h1>
<p>A Second Section</p>
</section>
"
`;
