// Jest Snapshot v1, https://goo.gl/fbAQLP

exports[`markdown-it-plantuml renders graphs 1`] = `"<p><img src=\\"data:image/svg+xml,%3c%3fxml version='1.0' encoding='UTF-8' standalone='no'%3f%3e%3csvg xmlns='http://www.w3.org/2000/svg' xmlns:xlink='http://www.w3.org/1999/xlink' contentScriptType='application/ecmascript' contentStyleType='text/css' height='161px' preserveAspectRatio='none' style='width:109px%3bheight:161px%3b' version='1.1' viewBox='0 0 109 161' width='109px' zoomAndPan='magnify'%3e%3cdefs%3e%3cfilter height='300%25' id='fnvegemw65n4e' width='300%25' x='-1' y='-1'%3e%3cfeGaussianBlur result='blurOut' stdDeviation='2.0'/%3e%3cfeColorMatrix in='blurOut' result='blurOut2' type='matrix' values='0 0 0 0 0 0 0 0 0 0 0 0 0 0 0 0 0 0 .4 0'/%3e%3cfeOffset dx='4.0' dy='4.0' in='blurOut2' result='blurOut3'/%3e%3cfeBlend in='SourceGraphic' in2='blurOut3' mode='normal'/%3e%3c/filter%3e%3c/defs%3e%3cg%3e%3cline style='stroke: %23A80036%3b stroke-width: 1.0%3b stroke-dasharray: 5.0%2c5.0%3b' x1='21' x2='21' y1='39.6094' y2='120.3125'/%3e%3cline style='stroke: %23A80036%3b stroke-width: 1.0%3b stroke-dasharray: 5.0%2c5.0%3b' x1='88' x2='88' y1='39.6094' y2='120.3125'/%3e%3crect fill='%23FEFECE' filter='url(%23fnvegemw65n4e)' height='31.6094' style='stroke: %23A80036%3b stroke-width: 1.5%3b' width='23' x='8' y='3'/%3e%3ctext fill='black' font-family='sans-serif' font-size='14' lengthAdjust='spacingAndGlyphs' textLength='9' x='15' y='24.5332'%3eA%3c/text%3e%3crect fill='%23FEFECE' filter='url(%23fnvegemw65n4e)' height='31.6094' style='stroke: %23A80036%3b stroke-width: 1.5%3b' width='23' x='8' y='119.3125'/%3e%3ctext fill='black' font-family='sans-serif' font-size='14' lengthAdjust='spacingAndGlyphs' textLength='9' x='15' y='140.8457'%3eA%3c/text%3e%3crect fill='%23FEFECE' filter='url(%23fnvegemw65n4e)' height='31.6094' style='stroke: %23A80036%3b stroke-width: 1.5%3b' width='23' x='75' y='3'/%3e%3ctext fill='black' font-family='sans-serif' font-size='14' lengthAdjust='spacingAndGlyphs' textLength='9' x='82' y='24.5332'%3eB%3c/text%3e%3crect fill='%23FEFECE' filter='url(%23fnvegemw65n4e)' height='31.6094' style='stroke: %23A80036%3b stroke-width: 1.5%3b' width='23' x='75' y='119.3125'/%3e%3ctext fill='black' font-family='sans-serif' font-size='14' lengthAdjust='spacingAndGlyphs' textLength='9' x='82' y='140.8457'%3eB%3c/text%3e%3cpolygon fill='%23A80036' points='76.5%2c67.9609%2c86.5%2c71.9609%2c76.5%2c75.9609%2c80.5%2c71.9609' style='stroke: %23A80036%3b stroke-width: 1.0%3b'/%3e%3cline style='stroke: %23A80036%3b stroke-width: 1.0%3b' x1='21.5' x2='82.5' y1='71.9609' y2='71.9609'/%3e%3ctext fill='black' font-family='sans-serif' font-size='13' lengthAdjust='spacingAndGlyphs' textLength='43' x='28.5' y='67.1045'%3erequest%3c/text%3e%3cpolygon fill='%23A80036' points='32.5%2c98.3125%2c22.5%2c102.3125%2c32.5%2c106.3125%2c28.5%2c102.3125' style='stroke: %23A80036%3b stroke-width: 1.0%3b'/%3e%3cline style='stroke: %23A80036%3b stroke-width: 1.0%3b stroke-dasharray: 2.0%2c2.0%3b' x1='26.5' x2='87.5' y1='102.3125' y2='102.3125'/%3e%3ctext fill='black' font-family='sans-serif' font-size='13' lengthAdjust='spacingAndGlyphs' textLength='21' x='38.5' y='97.4561'%3eack%3c/text%3e%3c/g%3e%3c/svg%3e\\" alt=\\"uml diagram\\"></p><p><img src=\\"data:image/svg+xml,%3c%3fxml version='1.0' encoding='UTF-8' standalone='no'%3f%3e%3csvg xmlns='http://www.w3.org/2000/svg' xmlns:xlink='http://www.w3.org/1999/xlink' contentScriptType='application/ecmascript' contentStyleType='text/css' height='161px' preserveAspectRatio='none' style='width:109px%3bheight:161px%3b' version='1.1' viewBox='0 0 109 161' width='109px' zoomAndPan='magnify'%3e%3cdefs%3e%3cfilter height='300%25' id='fnvegemw65n4e' width='300%25' x='-1' y='-1'%3e%3cfeGaussianBlur result='blurOut' stdDeviation='2.0'/%3e%3cfeColorMatrix in='blurOut' result='blurOut2' type='matrix' values='0 0 0 0 0 0 0 0 0 0 0 0 0 0 0 0 0 0 .4 0'/%3e%3cfeOffset dx='4.0' dy='4.0' in='blurOut2' result='blurOut3'/%3e%3cfeBlend in='SourceGraphic' in2='blurOut3' mode='normal'/%3e%3c/filter%3e%3c/defs%3e%3cg%3e%3cline style='stroke: %23A80036%3b stroke-width: 1.0%3b stroke-dasharray: 5.0%2c5.0%3b' x1='21' x2='21' y1='39.6094' y2='120.3125'/%3e%3cline style='stroke: %23A80036%3b stroke-width: 1.0%3b stroke-dasharray: 5.0%2c5.0%3b' x1='88' x2='88' y1='39.6094' y2='120.3125'/%3e%3crect fill='%23FEFECE' filter='url(%23fnvegemw65n4e)' height='31.6094' style='stroke: %23A80036%3b stroke-width: 1.5%3b' width='23' x='8' y='3'/%3e%3ctext fill='black' font-family='sans-serif' font-size='14' lengthAdjust='spacingAndGlyphs' textLength='9' x='15' y='24.5332'%3eA%3c/text%3e%3crect fill='%23FEFECE' filter='url(%23fnvegemw65n4e)' height='31.6094' style='stroke: %23A80036%3b stroke-width: 1.5%3b' width='23' x='8' y='119.3125'/%3e%3ctext fill='black' font-family='sans-serif' font-size='14' lengthAdjust='spacingAndGlyphs' textLength='9' x='15' y='140.8457'%3eA%3c/text%3e%3crect fill='%23FEFECE' filter='url(%23fnvegemw65n4e)' height='31.6094' style='stroke: %23A80036%3b stroke-width: 1.5%3b' width='23' x='75' y='3'/%3e%3ctext fill='black' font-family='sans-serif' font-size='14' lengthAdjust='spacingAndGlyphs' textLength='9' x='82' y='24.5332'%3eB%3c/text%3e%3crect fill='%23FEFECE' filter='url(%23fnvegemw65n4e)' height='31.6094' style='stroke: %23A80036%3b stroke-width: 1.5%3b' width='23' x='75' y='119.3125'/%3e%3ctext fill='black' font-family='sans-serif' font-size='14' lengthAdjust='spacingAndGlyphs' textLength='9' x='82' y='140.8457'%3eB%3c/text%3e%3cpolygon fill='%23A80036' points='76.5%2c67.9609%2c86.5%2c71.9609%2c76.5%2c75.9609%2c80.5%2c71.9609' style='stroke: %23A80036%3b stroke-width: 1.0%3b'/%3e%3cline style='stroke: %23A80036%3b stroke-width: 1.0%3b' x1='21.5' x2='82.5' y1='71.9609' y2='71.9609'/%3e%3ctext fill='black' font-family='sans-serif' font-size='13' lengthAdjust='spacingAndGlyphs' textLength='43' x='28.5' y='67.1045'%3erequest%3c/text%3e%3cpolygon fill='%23A80036' points='32.5%2c98.3125%2c22.5%2c102.3125%2c32.5%2c106.3125%2c28.5%2c102.3125' style='stroke: %23A80036%3b stroke-width: 1.0%3b'/%3e%3cline style='stroke: %23A80036%3b stroke-width: 1.0%3b stroke-dasharray: 2.0%2c2.0%3b' x1='26.5' x2='87.5' y1='102.3125' y2='102.3125'/%3e%3ctext fill='black' font-family='sans-serif' font-size='13' lengthAdjust='spacingAndGlyphs' textLength='21' x='38.5' y='97.4561'%3eack%3c/text%3e%3c/g%3e%3c/svg%3e\\" alt=\\"uml diagram\\"></p>"`;
